--- parse tree ---
[ Code
    "typ/meta/document-00.typ"
    ( line 1 , column 2 )
    (Let
       (BasicBind (Just (Identifier "test")))
       (FuncExpr
          [ NormalParam (Identifier "x") , NormalParam (Identifier "y") ]
          (Block
             (CodeBlock
                [ If
                    [ ( Equals (Ident (Identifier "x")) (Ident (Identifier "y"))
                      , Block (Content [ Text "\9989" ])
                      )
                    , ( Literal (Boolean True)
                      , Block
                          (Content
                             [ Text "\10060"
                             , Text "("
                             , Code
                                 "typ/meta/document-00.typ"
                                 ( line 1 , column 47 )
                                 (FuncCall
                                    (Ident (Identifier "repr"))
                                    [ NormalArg (Ident (Identifier "x")) ])
                             , Space
                             , Text "/"
                             , Text "="
                             , Space
                             , Code
                                 "typ/meta/document-00.typ"
                                 ( line 1 , column 59 )
                                 (FuncCall
                                    (Ident (Identifier "repr"))
                                    [ NormalArg (Ident (Identifier "y")) ])
                             , Text ")"
                             ])
                      )
                    ]
                ]))))
, SoftBreak
, Comment
, Code
    "typ/meta/document-00.typ"
    ( line 3 , column 2 )
    (Set
       (Ident (Identifier "document"))
       [ KeyValArg (Identifier "title") (Literal (String "Hello")) ])
, SoftBreak
, Text "What"
, Quote '\''
, Text "s"
, Space
, Text "up?"
, ParBreak
]
--- evaluated ---
document(body: { text(body: [
]), 
                 text(body: [
Whatâ€™s up?]), 
                 parbreak() }, 
         title: "Hello")
