--- parse tree ---
[ Code
    "test/typ/math/matrix-01.typ"
    ( line 1 , column 2 )
    (Let
       (BasicBind (Just (Identifier "test")))
       (FuncExpr
          [ NormalParam (Identifier "x") , NormalParam (Identifier "y") ]
          (Block
             (CodeBlock
                [ If
                    [ ( Equals (Ident (Identifier "x")) (Ident (Identifier "y"))
                      , Block (Content [ Text "\9989" ])
                      )
                    , ( Literal (Boolean True)
                      , Block
                          (Content
                             [ Text "\10060"
                             , Text "("
                             , Code
                                 "test/typ/math/matrix-01.typ"
                                 ( line 1 , column 47 )
                                 (FuncCall
                                    (Ident (Identifier "repr"))
                                    [ NormalArg (Ident (Identifier "x")) ])
                             , Space
                             , Text "/"
                             , Text "="
                             , Space
                             , Code
                                 "test/typ/math/matrix-01.typ"
                                 ( line 1 , column 59 )
                                 (FuncCall
                                    (Ident (Identifier "repr"))
                                    [ NormalArg (Ident (Identifier "y")) ])
                             , Text ")"
                             ])
                      )
                    ]
                ]))))
, SoftBreak
, Comment
, Equation
    True
    [ Code
        "test/typ/math/matrix-01.typ"
        ( line 3 , column 3 )
        (FuncCall
           (Ident (Identifier "mat"))
           [ ArrayArg
               [ [ Text "1"
                 , Text "2"
                 , Code
                     "test/typ/math/matrix-01.typ"
                     ( line 4 , column 9 )
                     (FieldAccess (Ident (Identifier "h")) (Ident (Identifier "dots")))
                 , Text "10"
                 ]
               , [ Text "2"
                 , Text "2"
                 , Code
                     "test/typ/math/matrix-01.typ"
                     ( line 5 , column 9 )
                     (FieldAccess (Ident (Identifier "h")) (Ident (Identifier "dots")))
                 , Text "10"
                 ]
               , [ Code
                     "test/typ/math/matrix-01.typ"
                     ( line 6 , column 3 )
                     (FieldAccess (Ident (Identifier "v")) (Ident (Identifier "dots")))
                 , Code
                     "test/typ/math/matrix-01.typ"
                     ( line 6 , column 11 )
                     (FieldAccess (Ident (Identifier "v")) (Ident (Identifier "dots")))
                 , Code
                     "test/typ/math/matrix-01.typ"
                     ( line 6 , column 19 )
                     (FieldAccess
                        (Ident (Identifier "down")) (Ident (Identifier "dots")))
                 , Code
                     "test/typ/math/matrix-01.typ"
                     ( line 6 , column 30 )
                     (FieldAccess (Ident (Identifier "v")) (Ident (Identifier "dots")))
                 ]
               , [ Text "10"
                 , Text "10"
                 , Code
                     "test/typ/math/matrix-01.typ"
                     ( line 7 , column 11 )
                     (FieldAccess (Ident (Identifier "h")) (Ident (Identifier "dots")))
                 , Text "10"
                 ]
               ]
           ])
    ]
, ParBreak
]
--- evaluated ---
{ text(body: [
]), 
  math.equation(block: true, 
                body: math.mat(rows: ((text(body: [1]), 
                                       text(body: [2]), 
                                       text(body: […]), 
                                       text(body: [10])), 
                                      (text(body: [2]), 
                                       text(body: [2]), 
                                       text(body: […]), 
                                       text(body: [10])), 
                                      (text(body: [⋮]), 
                                       text(body: [⋮]), 
                                       text(body: [⋱]), 
                                       text(body: [⋮])), 
                                      (text(body: [10]), 
                                       text(body: [10]), 
                                       text(body: […]), 
                                       text(body: [10])))), 
                numbering: none), 
  parbreak() }
