--- parse tree ---
[ Code
    "test/typ/math/multiline-03.typ"
    ( line 1 , column 2 )
    (Let
       (BasicBind (Just (Identifier "test")))
       (FuncExpr
          [ NormalParam (Identifier "x") , NormalParam (Identifier "y") ]
          (Block
             (CodeBlock
                [ If
                    [ ( Equals (Ident (Identifier "x")) (Ident (Identifier "y"))
                      , Block (Content [ Text "\9989" ])
                      )
                    , ( Literal (Boolean True)
                      , Block
                          (Content
                             [ Text "\10060"
                             , Text "("
                             , Code
                                 "test/typ/math/multiline-03.typ"
                                 ( line 1 , column 47 )
                                 (FuncCall
                                    (Ident (Identifier "repr"))
                                    [ NormalArg (Ident (Identifier "x")) ])
                             , Space
                             , Text "/"
                             , Text "="
                             , Space
                             , Code
                                 "test/typ/math/multiline-03.typ"
                                 ( line 1 , column 59 )
                                 (FuncCall
                                    (Ident (Identifier "repr"))
                                    [ NormalArg (Ident (Identifier "y")) ])
                             , Text ")"
                             ])
                      )
                    ]
                ]))))
, SoftBreak
, Comment
, Equation
    True
    [ Text "f"
    , Code
        "test/typ/math/multiline-03.typ"
        ( line 3 , column 5 )
        (FieldAccess
           (Ident (Identifier "eq")) (Ident (Identifier "colon")))
    , Code
        "test/typ/math/multiline-03.typ"
        ( line 3 , column 8 )
        (FuncCall
           (Ident (Identifier "cases"))
           [ BlockArg
               [ Text "1"
               , Text "+"
               , Text "2"
               , MAlignPoint
               , Text "iff "
               , MAlignPoint
               , Text "x"
               ]
           , BlockArg
               [ Text "3" , MAlignPoint , Text "if " , MAlignPoint , Text "y" ]
           ])
    ]
, ParBreak
]
--- evaluated ---
{ text(body: [
]), 
  math.equation(block: true, 
                body: { text(body: [f]), 
                        text(body: [â‰”]), 
                        math.cases(children: ({ text(body: [1]), 
                                                text(body: [+]), 
                                                text(body: [2]), 
                                                math.alignpoint(), 
                                                text(body: [iff ]), 
                                                math.alignpoint(), 
                                                text(body: [x]) }, 
                                              { text(body: [3]), 
                                                math.alignpoint(), 
                                                text(body: [if ]), 
                                                math.alignpoint(), 
                                                text(body: [y]) })) }, 
                numbering: none), 
  parbreak() }
