--- parse tree ---
[ Code
    "test/typ/math/underover-01.typ"
    ( line 1 , column 2 )
    (Let
       (BasicBind (Just (Identifier "test")))
       (FuncExpr
          [ NormalParam (Identifier "x") , NormalParam (Identifier "y") ]
          (Block
             (CodeBlock
                [ If
                    [ ( Equals (Ident (Identifier "x")) (Ident (Identifier "y"))
                      , Block (Content [ Text "\9989" ])
                      )
                    , ( Literal (Boolean True)
                      , Block
                          (Content
                             [ Text "\10060"
                             , Text "("
                             , Code
                                 "test/typ/math/underover-01.typ"
                                 ( line 1 , column 47 )
                                 (FuncCall
                                    (Ident (Identifier "repr"))
                                    [ NormalArg (Ident (Identifier "x")) ])
                             , Space
                             , Text "/"
                             , Text "="
                             , Space
                             , Code
                                 "test/typ/math/underover-01.typ"
                                 ( line 1 , column 59 )
                                 (FuncCall
                                    (Ident (Identifier "repr"))
                                    [ NormalArg (Ident (Identifier "y")) ])
                             , Text ")"
                             ])
                      )
                    ]
                ]))))
, SoftBreak
, Comment
, Equation
    True
    [ Text "x"
    , Text "="
    , Code
        "test/typ/math/underover-01.typ"
        ( line 3 , column 7 )
        (FuncCall
           (Ident (Identifier "overbracket"))
           [ BlockArg
               [ Code
                   "test/typ/math/underover-01.typ"
                   ( line 4 , column 3 )
                   (FuncCall
                      (Ident (Identifier "overline"))
                      [ BlockArg
                          [ Code
                              "test/typ/math/underover-01.typ"
                              ( line 4 , column 12 )
                              (FuncCall
                                 (Ident (Identifier "underline"))
                                 [ BlockArg [ Text "x" , Text "+" , Text "y" ] ])
                          ]
                      ])
               ]
           , BlockArg
               [ Text "1"
               , Text "+"
               , Text "2"
               , Text "+"
               , Code
                   "test/typ/math/underover-01.typ"
                   ( line 5 , column 11 )
                   (FieldAccess (Ident (Identifier "h")) (Ident (Identifier "dots")))
               , Text "+"
               , Text "5"
               ]
           ])
    ]
, ParBreak
]
--- evaluated ---
{ text(body: [
]), 
  math.equation(block: true, 
                body: { text(body: [x]), 
                        text(body: [=]), 
                        math.overbracket(annotation: { text(body: [1]), 
                                                       text(body: [+]), 
                                                       text(body: [2]), 
                                                       text(body: [+]), 
                                                       text(body: [â€¦]), 
                                                       text(body: [+]), 
                                                       text(body: [5]) }, 
                                         body: math.overline(body: math.underline(body: { text(body: [x]), 
                                                                                          text(body: [+]), 
                                                                                          text(body: [y]) }))) }, 
                numbering: none), 
  parbreak() }
